*** Using Compiler 'V6.14.1', folder: 'C:\Keil_v5\ARM\ARMCLANG\Bin'
Rebuild target 'Target 1'
compiling iap.c...
compiling led.c...
compiling iwdg.c...
compiling cans.c...
compiling uart.c...
compiling main.c...
compiling tae32g58xx_it.c...
compiling delay.c...
compiling sys_mgr.c...
compiling timer.c...
compiling gpio.c...
compiling cans_modbus.c...
compiling modbuss.c...
compiling modbus_iap.c...
compiling tae32g58xx_ll_msp.c...
compiling vars.c...
compiling crc16.c...
compiling crc32.c...
compiling ring_buff.c...
compiling tae32g58xx_ll_cmp.c...
compiling tae32g58xx_ll_can.c...
compiling tae32g58xx_ll.c...
compiling tae32g58xx_ll_cordic.c...
compiling tae32g58xx_ll_adc.c...
compiling tae32g58xx_ll_dac.c...
compiling tae32g58xx_ll_cortex.c...
compiling tae32g58xx_ll_iir.c...
compiling tae32g58xx_ll_eflash.c...
compiling tae32g58xx_ll_gpio.c...
compiling tae32g58xx_ll_dma.c...
compiling tae32g58xx_ll_hrpwm.c...
compiling tae32g58xx_ll_i2c.c...
compiling tae32g58xx_ll_iwdg.c...
compiling tae32g58xx_ll_pdm.c...
compiling tae32g58xx_ll_qei.c...
compiling tae32g58xx_ll_sysctrl.c...
compiling tae32g58xx_ll_rcu.c...
compiling tae32g58xx_ll_wwdg.c...
compiling tae32g58xx_ll_usb.c...
compiling tae32g58xx_ll_spi.c...
compiling startup_tae32g58xx.c...
compiling tae32g58xx_ll_tmr.c...
compiling user_debug.c...
compiling system_tae32g58xx.c...
compiling tae32g58xx_ll_uart.c...
compiling tae32g58xx_ll_xif.c...
linking...
Program Size: Code=17058 RO-data=2658 RW-data=12 ZI-data=2540  
FromELF: creating hex file...
After Build - User command #1: AfterBuildHandler.bat "C:\Keil_v5\ARM\ARMCLANG\include" "D:\work\lsl\9.upper\1.code\30.CAN_IAP_tools-main\IAP_tools-main\3. bootloader\D°æ±¾bootloader\BootLoader-259B_pfc_D\Keil\Objects\BootLoader-259B-PFC-D.axf"
".\Objects\BootLoader-259B-PFC-D.axf" - 0 Error(s), 0 Warning(s).
Build Time Elapsed:  00:00:55
