*** Using Compiler 'V6.14.1', folder: 'C:\Keil_v5\ARM\ARMCLANG\Bin'
Rebuild target 'FLASH'
../../../APP/source/hrpwm_app.c(48): warning: implicitly declaring library function 'memset' with type 'void *(void *, int, unsigned int)' [-Wimplicit-function-declaration]
  memset((void*)&user_hrpwm_tmr_base_cfg,      0x00, sizeof(user_hrpwm_tmr_base_cfg));
  ^
../../../APP/source/hrpwm_app.c(48): note: include the header <string.h> or explicitly provide a declaration for 'memset'
1 warning generated.
compiling hrpwm_app.c...
compiling pid_app.c...
../../../APP/source/dac_app.c(13): warning: implicitly declaring library function 'memset' with type 'void *(void *, int, unsigned int)' [-Wimplicit-function-declaration]
    memset((void *)&user_dac_init, 0x00, sizeof(user_dac_init));
    ^
../../../APP/source/dac_app.c(13): note: include the header <string.h> or explicitly provide a declaration for 'memset'
1 warning generated.
compiling dac_app.c...
../../../APP/source/adc_app.c(13): warning: implicitly declaring library function 'memset' with type 'void *(void *, int, unsigned int)' [-Wimplicit-function-declaration]
  memset((void*)&user_adc_init,        0x00, sizeof(user_adc_init));
  ^
../../../APP/source/adc_app.c(13): note: include the header <string.h> or explicitly provide a declaration for 'memset'
1 warning generated.
compiling adc_app.c...
compiling init_app.c...
compiling main.c...
compiling vofa_app.c...
compiling pr_control_app.c...
../../../APP/source/can_app.c(115): warning: implicit declaration of function 'crc8' is invalid in C99 [-Wimplicit-function-declaration]
  uint8_t calculated_crc = crc8(crc_data, sizeof(crc_data));
                           ^
../../../APP/source/can_app.c(158): warning: implicit declaration of function 'crc8' is invalid in C99 [-Wimplicit-function-declaration]
  uint8_t crc = crc8(crc_data, sizeof(crc_data));
                ^
../../../APP/source/can_app.c(246): warning: implicit declaration of function 'crc8' is invalid in C99 [-Wimplicit-function-declaration]
  uint8_t calculated_crc = crc8(crc_data, sizeof(crc_data));
                           ^
../../../APP/source/can_app.c(301): warning: implicit declaration of function 'crc8' is invalid in C99 [-Wimplicit-function-declaration]
  uint8_t calculated_crc = crc8(crc_data, sizeof(crc_data));
                           ^
../../../APP/source/can_app.c(352): warning: implicit declaration of function 'crc8' is invalid in C99 [-Wimplicit-function-declaration]
  uint8_t crc = crc8(crc_data, sizeof(crc_data));
                ^
../../../APP/source/can_app.c(491): warning: implicit declaration of function 'crc8' is invalid in C99 [-Wimplicit-function-declaration]
            llc.crc_data = crc8(crc_data, sizeof(crc_data));
                           ^
../../../APP/source/can_app.c(594): warning: implicitly declaring library function 'memset' with type 'void *(void *, int, unsigned int)' [-Wimplicit-function-declaration]
  memset((void*)&can_user_cfg, 0x00, sizeof(can_user_cfg));
  ^
../../../APP/source/can_app.c(594): note: include the header <string.h> or explicitly provide a declaration for 'memset'
../../../APP/source/can_app.c(647): warning: incompatible pointer types passing 'uint8_t [64]' to parameter of type 'uint32_t *' (aka 'unsigned int *') [-Wincompatible-pointer-types]
  LL_CAN_Receive_IT(user_can_ctrl.Instance, &user_can_ctrl.rxbuf_fmt[0], user_can_ctrl.rx_buf[0]);
                                                                         ^~~~~~~~~~~~~~~~~~~~~~~
../../../Drivers/TAE32G58xx_Driver/Inc\tae32g58xx_ll_can.h(1356): note: passing argument to parameter 'buf' here
LL_StatusETypeDef LL_CAN_Receive_IT(CAN_TypeDef *Instance, CAN_RxBufFormatTypeDef *buf_fmt, uint32_t *buf);
                                                                                                      ^
../../../APP/source/can_app.c(679): warning: implicitly declaring library function 'memcpy' with type 'void *(void *, const void *, unsigned int)' [-Wimplicit-function-declaration]
  memcpy(data_with_crc, data_buf, data_size);
  ^
../../../APP/source/can_app.c(679): note: include the header <string.h> or explicitly provide a declaration for 'memcpy'
../../../APP/source/can_app.c(681): warning: implicit declaration of function 'crc8' is invalid in C99 [-Wimplicit-function-declaration]
  uint8_t crc = crc8((uint8_t*)data_buf, data_size);
                ^
../../../APP/source/can_app.c(731): warning: implicit declaration of function 'crc8' is invalid in C99 [-Wimplicit-function-declaration]
  uint8_t crc = crc8(data_bytes, sizeof(data_bytes));
                ^
../../../APP/source/can_app.c(830): warning: incompatible pointer types passing 'uint8_t [64]' to parameter of type 'uint32_t *' (aka 'unsigned int *') [-Wincompatible-pointer-types]
                         user_can_ctrl.rx_buf[user_can_ctrl.rx_cnt]);
                         ^~~~~~~~~~~~~~~~~~~~~~~~~~~~~~~~~~~~~~~~~~
../../../Drivers/TAE32G58xx_Driver/Inc\tae32g58xx_ll_can.h(1356): note: passing argument to parameter 'buf' here
LL_StatusETypeDef LL_CAN_Receive_IT(CAN_TypeDef *Instance, CAN_RxBufFormatTypeDef *buf_fmt, uint32_t *buf);
                                                                                                      ^
12 warnings generated.
compiling can_app.c...
compiling communication_app.c...
compiling gpio_app.c...
compiling variables_init_app.c...
../../User/Src/tae32g58xx_ll_msp.c(328): warning: implicitly declaring library function 'memset' with type 'void *(void *, int, unsigned int)' [-Wimplicit-function-declaration]
    memset((void*)&ADC_GPIO_Init, 0x00, sizeof(ADC_GPIO_Init));
    ^
../../User/Src/tae32g58xx_ll_msp.c(328): note: include the header <string.h> or explicitly provide a declaration for 'memset'
1 warning generated.
compiling tae32g58xx_ll_msp.c...
compiling protection_app.c...
compiling tae32g58xx_it.c...
compiling func_app.c...
compiling tae32g58xx_ll_gpio.c...
../../../APP/source/tmr_app.c(26): warning: implicitly declaring library function 'memset' with type 'void *(void *, int, unsigned int)' [-Wimplicit-function-declaration]
  memset((void*)&tmr_base_init, 0x00, sizeof(tmr_base_init));
  ^
../../../APP/source/tmr_app.c(26): note: include the header <string.h> or explicitly provide a declaration for 'memset'
1 warning generated.
compiling tmr_app.c...
compiling save_data.c...
compiling tae32g58xx_ll_iir.c...
compiling tae32g58xx_ll_qei.c...
compiling variables_define_app.c...
compiling llc_app.c...
compiling tae32g58xx_ll_rcu.c...
compiling tae32g58xx_ll_dma.c...
compiling tae32g58xx_ll.c...
compiling tae32g58xx_ll_tmr.c...
compiling tae32g58xx_ll_cordic.c...
compiling tae32g58xx_ll_eflash.c...
compiling tae32g58xx_ll_sysctrl.c...
compiling tae32g58xx_ll_uart.c...
compiling tae32g58xx_ll_cortex.c...
compiling tae32g58xx_ll_spi.c...
compiling tae32g58xx_ll_wwdg.c...
compiling tae32g58xx_ll_iwdg.c...
compiling tae32g58xx_ll_can.c...
compiling tae32g58xx_ll_i2c.c...
compiling tae32g58xx_ll_pdm.c...
compiling system_tae32g58xx.c...
compiling tae32g58xx_ll_usb.c...
compiling tae32g58xx_ll_adc.c...
compiling startup_tae32g58xx.c...
compiling tae32g58xx_ll_xif.c...
compiling tae32g58xx_ll_dac.c...
compiling tae32g58xx_ll_hrpwm.c...
compiling tae32g58xx_ll_cmp.c...
compiling user_debug.c...
linking...
.\FLASH\Objects\227B_LLC_A03_V1_1_26_20260115_iap.axf: Error: L6218E: Undefined symbol send_massage_share_get (referred from tmr_app.o).
Not enough information to list image symbols.
Not enough information to list load addresses in the image map.
Finished: 2 information, 0 warning and 1 error messages.
".\FLASH\Objects\227B_LLC_A03_V1_1_26_20260115_iap.axf" - 1 Error(s), 17 Warning(s).
Target not created.
Build Time Elapsed:  00:00:51
