*** Using Compiler 'V6.14.1', folder: 'C:\Keil_v5\ARM\ARMCLANG\Bin'
Rebuild target 'FLASH'
compiling tae32g58xx_it.c...
compiling vofa_app.c...
compiling pid_app.c...
../../../APP/source/can_app.c(117): warning: implicit declaration of function 'crc8' is invalid in C99 [-Wimplicit-function-declaration]
  uint8_t calculated_crc = crc8(crc_data, sizeof(crc_data));
                           ^
../../../APP/source/can_app.c(162): warning: implicit declaration of function 'crc8' is invalid in C99 [-Wimplicit-function-declaration]
  uint8_t crc = crc8(crc_data, sizeof(crc_data));
                ^
../../../APP/source/can_app.c(252): warning: implicit declaration of function 'crc8' is invalid in C99 [-Wimplicit-function-declaration]
  uint8_t calculated_crc = crc8(crc_data, sizeof(crc_data));
                           ^
../../../APP/source/can_app.c(308): warning: implicit declaration of function 'crc8' is invalid in C99 [-Wimplicit-function-declaration]
  uint8_t calculated_crc = crc8(crc_data, sizeof(crc_data));
                           ^
../../../APP/source/can_app.c(361): warning: implicit declaration of function 'crc8' is invalid in C99 [-Wimplicit-function-declaration]
  uint8_t crc = crc8(crc_data, sizeof(crc_data));
                ^
../../../APP/source/can_app.c(502): warning: implicit declaration of function 'crc8' is invalid in C99 [-Wimplicit-function-declaration]
                                                llc.crc_data = crc8(crc_data, sizeof(crc_data));
                                                               ^
../../../APP/source/can_app.c(631): warning: implicitly declaring library function 'memset' with type 'void *(void *, int, unsigned int)' [-Wimplicit-function-declaration]
  memset((void*)&can_user_cfg, 0x00, sizeof(can_user_cfg));
  ^
../../../APP/source/can_app.c(631): note: include the header <string.h> or explicitly provide a declaration for 'memset'
../../../APP/source/can_app.c(684): warning: incompatible pointer types passing 'uint8_t [64]' to parameter of type 'uint32_t *' (aka 'unsigned int *') [-Wincompatible-pointer-types]
  LL_CAN_Receive_IT(user_can_ctrl.Instance, &user_can_ctrl.rxbuf_fmt[0], user_can_ctrl.rx_buf[0]);
                                                                         ^~~~~~~~~~~~~~~~~~~~~~~
../../../Drivers/TAE32G58xx_Driver/Inc\tae32g58xx_ll_can.h(3573): note: passing argument to parameter 'buf' here
LL_StatusETypeDef LL_CAN_Receive_IT(CAN_TypeDef *Instance, CAN_RxBufFormatTypeDef *buf_fmt, uint32_t *buf);
                                                                                                      ^
../../../APP/source/can_app.c(716): warning: implicitly declaring library function 'memcpy' with type 'void *(void *, const void *, unsigned int)' [-Wimplicit-function-declaration]
  memcpy(data_with_crc, data_buf, data_size);
  ^
../../../APP/source/can_app.c(716): note: include the header <string.h> or explicitly provide a declaration for 'memcpy'
../../../APP/source/can_app.c(718): warning: implicit declaration of function 'crc8' is invalid in C99 [-Wimplicit-function-declaration]
  uint8_t crc = crc8((uint8_t*)data_buf, data_size);
                ^
../../../APP/source/can_app.c(768): warning: implicit declaration of function 'crc8' is invalid in C99 [-Wimplicit-function-declaration]
  uint8_t crc = crc8(data_bytes, sizeof(data_bytes));
                ^
../../../APP/source/can_app.c(864): warning: incompatible pointer types passing 'uint8_t [64]' to parameter of type 'uint32_t *' (aka 'unsigned int *') [-Wincompatible-pointer-types]
                         user_can_ctrl.rx_buf[user_can_ctrl.rx_cnt]);
                         ^~~~~~~~~~~~~~~~~~~~~~~~~~~~~~~~~~~~~~~~~~
../../../Drivers/TAE32G58xx_Driver/Inc\tae32g58xx_ll_can.h(3573): note: passing argument to parameter 'buf' here
LL_StatusETypeDef LL_CAN_Receive_IT(CAN_TypeDef *Instance, CAN_RxBufFormatTypeDef *buf_fmt, uint32_t *buf);
                                                                                                      ^
12 warnings generated.
compiling can_app.c...
compiling communication_app.c...
../../../APP/source/dac_app.c(13): warning: implicitly declaring library function 'memset' with type 'void *(void *, int, unsigned int)' [-Wimplicit-function-declaration]
    memset((void *)&user_dac_init, 0x00, sizeof(user_dac_init));
    ^
../../../APP/source/dac_app.c(13): note: include the header <string.h> or explicitly provide a declaration for 'memset'
1 warning generated.
compiling dac_app.c...
compiling func_app.c...
compiling protection_app.c...
../../User/Src/tae32g58xx_ll_msp.c(280): warning: implicitly declaring library function 'memset' with type 'void *(void *, int, unsigned int)' [-Wimplicit-function-declaration]
    memset((void*)&ADC_GPIO_Init, 0x00, sizeof(ADC_GPIO_Init));
    ^
../../User/Src/tae32g58xx_ll_msp.c(280): note: include the header <string.h> or explicitly provide a declaration for 'memset'
1 warning generated.
compiling tae32g58xx_ll_msp.c...
../../../APP/source/adc_app.c(13): warning: implicitly declaring library function 'memset' with type 'void *(void *, int, unsigned int)' [-Wimplicit-function-declaration]
  memset((void*)&user_adc_init,        0x00, sizeof(user_adc_init));
  ^
../../../APP/source/adc_app.c(13): note: include the header <string.h> or explicitly provide a declaration for 'memset'
../../../APP/source/adc_app.c(408): warning: implicitly declaring library function 'fmaxf' with type 'float (float, float)' [-Wimplicit-function-declaration]
    float Tc = fmaxf(T_MIN, fminf(T, T_MAX));
               ^
../../../APP/source/adc_app.c(408): note: include the header <math.h> or explicitly provide a declaration for 'fmaxf'
../../../APP/source/adc_app.c(408): warning: implicitly declaring library function 'fminf' with type 'float (float, float)' [-Wimplicit-function-declaration]
    float Tc = fmaxf(T_MIN, fminf(T, T_MAX));
                            ^
../../../APP/source/adc_app.c(408): note: include the header <math.h> or explicitly provide a declaration for 'fminf'
3 warnings generated.
compiling adc_app.c...
compiling variables_init_app.c...
compiling init_app.c...
../../../APP/source/hrpwm_app.c(48): warning: implicitly declaring library function 'memset' with type 'void *(void *, int, unsigned int)' [-Wimplicit-function-declaration]
  memset((void*)&user_hrpwm_tmr_base_cfg,      0x00, sizeof(user_hrpwm_tmr_base_cfg));
  ^
../../../APP/source/hrpwm_app.c(48): note: include the header <string.h> or explicitly provide a declaration for 'memset'
1 warning generated.
compiling hrpwm_app.c...
compiling pr_control_app.c...
../../User/Src/main.c(82): warning: implicit declaration of function 'llc_low_temp_adj' is invalid in C99 [-Wimplicit-function-declaration]
                                llc_low_temp_adj();                     
                                ^
1 warning generated.
compiling main.c...
compiling gpio_app.c...
compiling save_data.c...
../../../APP/source/tmr_app.c(24): warning: implicitly declaring library function 'memset' with type 'void *(void *, int, unsigned int)' [-Wimplicit-function-declaration]
  memset((void*)&tmr_base_init, 0x00, sizeof(tmr_base_init));
  ^
../../../APP/source/tmr_app.c(24): note: include the header <string.h> or explicitly provide a declaration for 'memset'
1 warning generated.
compiling tmr_app.c...
compiling variables_define_app.c...
compiling llc_app.c...
compiling tae32g58xx_ll_rcu.c...
compiling tae32g58xx_ll_cortex.c...
compiling tae32g58xx_ll_tmr.c...
compiling tae32g58xx_ll_eflash.c...
compiling tae32g58xx_ll_cordic.c...
compiling tae32g58xx_ll_dma.c...
compiling tae32g58xx_ll.c...
compiling tae32g58xx_ll_uart.c...
compiling tae32g58xx_ll_gpio.c...
compiling tae32g58xx_ll_sysctrl.c...
compiling tae32g58xx_ll_iir.c...
compiling tae32g58xx_ll_qei.c...
compiling tae32g58xx_ll_iwdg.c...
compiling tae32g58xx_ll_can.c...
compiling tae32g58xx_ll_wwdg.c...
compiling tae32g58xx_ll_spi.c...
compiling tae32g58xx_ll_i2c.c...
compiling tae32g58xx_ll_usb.c...
compiling tae32g58xx_ll_dac.c...
compiling tae32g58xx_ll_xif.c...
compiling tae32g58xx_ll_adc.c...
compiling startup_tae32g58xx.c...
compiling tae32g58xx_ll_pdm.c...
compiling system_tae32g58xx.c...
compiling tae32g58xx_ll_cmp.c...
compiling user_debug.c...
compiling tae32g58xx_ll_hrpwm.c...
linking...
Program Size: Code=31404 RO-data=2448 RW-data=136 ZI-data=3216  
FromELF: creating hex file...
After Build - User command #1: .\FLASH\AfterBuildHandler.bat C:\Keil_v5\ARM\ARMCLANG\include D:\work\lsl\9.upper\1.code\30.CAN_IAP_tools-main\1.259B_LLC_A4_V_1_2_0\ProjectTemplate\Project\MDK\FLASH\Objects\259B_LLC_V_1_2_0_20260625_bingji_releas.axf
Debug: Parameters received:
  tool_chain_inc=C:\Keil_v5\ARM\ARMCLANG\include
  axf_full_path=D:\work\lsl\9.upper\1.code\30.CAN_IAP_tools-main\1.259B_LLC_A4_V_1_2_0\ProjectTemplate\Project\MDK\FLASH\Objects\259B_LLC_V_1_2_0_20260625_bingji_releas.axf
  axf_name=259B_LLC_V_1_2_0_20260625_bingji_releas
  project_name=259B-LLC
Step 1: Generating bin file...
Step 2: Copying files...
已复制         1 个文件。
已复制         1 个文件。
已复制         1 个文件。
Step 3: Patching files...
'"Patcher.exe"' 不是内部或外部命令，也不是可运行的程序
或批处理文件。
Step 3.5: Ensuring BootLoader files exist...
Warning: BootLoader-5800.bin not found, should be created by C# program
Failed 3.5: BootLoader files preparation failed!
".\FLASH\Objects\259B_LLC_V_1_2_0_20260625_bingji_releas.axf" - 0 Error(s), 20 Warning(s).
Build Time Elapsed:  00:00:53
