*** Using Compiler 'V6.14.1', folder: 'C:\Keil_v5\ARM\ARMCLANG\Bin'
Rebuild target 'FLASH'
compiling notch_filter_app.c...
compiling tae32g58xx_it.c...
compiling init_app.c...
../../../APP/source/adc_app.c(13): warning: implicitly declaring library function 'memset' with type 'void *(void *, int, unsigned int)' [-Wimplicit-function-declaration]
  memset((void*)&user_adc_init,        0x00, sizeof(user_adc_init));
  ^
../../../APP/source/adc_app.c(13): note: include the header <string.h> or explicitly provide a declaration for 'memset'
1 warning generated.
compiling adc_app.c...
compiling pid.c...
../../User/Src/main.c(78): warning: implicit declaration of function 'main_loop' is invalid in C99 [-Wimplicit-function-declaration]
                main_loop();
                ^
1 warning generated.
compiling main.c...
compiling func.c...
compiling protection_app.c...
../../../APP/source/dac_app.c(13): warning: implicitly declaring library function 'memset' with type 'void *(void *, int, unsigned int)' [-Wimplicit-function-declaration]
    memset((void *)&user_dac_init, 0x00, sizeof(user_dac_init));
    ^
../../../APP/source/dac_app.c(13): note: include the header <string.h> or explicitly provide a declaration for 'memset'
1 warning generated.
compiling dac_app.c...
compiling iir_app.c...
../../../APP/source/cmp_app.c(8): warning: implicitly declaring library function 'memset' with type 'void *(void *, int, unsigned int)' [-Wimplicit-function-declaration]
    memset((void *)&user_cmp_init, 0x00, sizeof(user_cmp_init));
    ^
../../../APP/source/cmp_app.c(8): note: include the header <string.h> or explicitly provide a declaration for 'memset'
1 warning generated.
compiling cmp_app.c...
compiling pfc_app.c...
compiling FastInverseSqrt.c...
compiling gpio_app.c...
../../../APP/source/hrpwm_app.c(44): warning: implicitly declaring library function 'memset' with type 'void *(void *, int, unsigned int)' [-Wimplicit-function-declaration]
  memset((void*)&user_hrpwm_tmr_base_cfg,      0x00, sizeof(user_hrpwm_tmr_base_cfg));
  ^
../../../APP/source/hrpwm_app.c(44): note: include the header <string.h> or explicitly provide a declaration for 'memset'
1 warning generated.
compiling hrpwm_app.c...
../../User/Src/tae32g58xx_ll_msp.c(307): warning: implicitly declaring library function 'memset' with type 'void *(void *, int, unsigned int)' [-Wimplicit-function-declaration]
  memset((void*)&ADC_GPIO_Init, 0x00, sizeof(ADC_GPIO_Init));
  ^
../../User/Src/tae32g58xx_ll_msp.c(307): note: include the header <string.h> or explicitly provide a declaration for 'memset'
1 warning generated.
compiling tae32g58xx_ll_msp.c...
compiling tae32g58xx_ll_cortex.c...
compiling tae32g58xx_ll_rcu.c...
compiling variables_init_app.c...
../../../APP/source/tmr_app.c(15): warning: implicitly declaring library function 'memset' with type 'void *(void *, int, unsigned int)' [-Wimplicit-function-declaration]
  memset((void*)&tmr_base_init, 0x00, sizeof(tmr_base_init));
  ^
../../../APP/source/tmr_app.c(15): note: include the header <string.h> or explicitly provide a declaration for 'memset'
1 warning generated.
compiling tmr_app.c...
compiling soft_spll_app.c...
compiling variables_define_app.c...
compiling vofa_app.c...
compiling tae32g58xx_ll_sysctrl.c...
compiling pri_sec_commun_app.c...
compiling tae32g58xx_ll_gpio.c...
compiling tae32g58xx_ll_dma.c...
compiling tae32g58xx_ll.c...
compiling tae32g58xx_ll_tmr.c...
compiling tae32g58xx_ll_iir.c...
compiling tae32g58xx_ll_eflash.c...
compiling tae32g58xx_ll_uart.c...
compiling tae32g58xx_ll_cmp.c...
compiling tae32g58xx_ll_usb.c...
compiling tae32g58xx_ll_cordic.c...
compiling tae32g58xx_ll_qei.c...
compiling tae32g58xx_ll_wwdg.c...
compiling tae32g58xx_ll_iwdg.c...
compiling tae32g58xx_ll_i2c.c...
compiling tae32g58xx_ll_dac.c...
compiling tae32g58xx_ll_xif.c...
compiling tae32g58xx_ll_can.c...
compiling tae32g58xx_ll_spi.c...
compiling tae32g58xx_ll_pdm.c...
compiling system_tae32g58xx.c...
compiling tae32g58xx_ll_adc.c...
compiling tae32g58xx_ll_hrpwm.c...
compiling startup_tae32g58xx.c...
compiling user_debug.c...
linking...
Program Size: Code=25744 RO-data=1940 RW-data=88 ZI-data=7288  
FromELF: creating hex file...
After Build - User command #1: fromelf --bin .\FLASH\Objects\259B_pfc_A04_v1_2_0_20260625_release.axf --output D:\work\lsl\9.upper\1.code\30.CAN_IAP_tools-main\1.259B_PFC_A4_V_1_2_0\1.pfc_A04_v1.2.0\ProjectTemplate\Project\MDK\FLASH\Objects\259B_pfc_A04_v1_2_0_20260625_release.bin
".\FLASH\Objects\259B_pfc_A04_v1_2_0_20260625_release.axf" - 0 Error(s), 7 Warning(s).
Build Time Elapsed:  00:00:56
