*** Using Compiler 'V6.14.1', folder: 'C:\Keil_v5\ARM\ARMCLANG\Bin'
Rebuild target 'FLASH'
compiling soft_notch_filter.c...
compiling vofa_app.c...
../../../APP/source/cmp_app.c(8): warning: implicitly declaring library function 'memset' with type 'void *(void *, int, unsigned int)' [-Wimplicit-function-declaration]
    memset((void *)&user_cmp_init, 0x00, sizeof(user_cmp_init));
    ^
../../../APP/source/cmp_app.c(8): note: include the header <string.h> or explicitly provide a declaration for 'memset'
1 warning generated.
compiling cmp_app.c...
../../../APP/source/adc_app.c(13): warning: implicitly declaring library function 'memset' with type 'void *(void *, int, unsigned int)' [-Wimplicit-function-declaration]
  memset((void*)&user_adc_init,        0x00, sizeof(user_adc_init));
  ^
../../../APP/source/adc_app.c(13): note: include the header <string.h> or explicitly provide a declaration for 'memset'
1 warning generated.
compiling adc_app.c...
compiling FastInverseSqrt.c...
compiling tae32g58xx_it.c...
../../User/Src/tae32g58xx_ll_msp.c(306): warning: implicitly declaring library function 'memset' with type 'void *(void *, int, unsigned int)' [-Wimplicit-function-declaration]
  memset((void*)&ADC_GPIO_Init, 0x00, sizeof(ADC_GPIO_Init));
  ^
../../User/Src/tae32g58xx_ll_msp.c(306): note: include the header <string.h> or explicitly provide a declaration for 'memset'
1 warning generated.
compiling tae32g58xx_ll_msp.c...
../../../APP/source/iir_app.c(10): warning: implicitly declaring library function 'memset' with type 'void *(void *, int, unsigned int)' [-Wimplicit-function-declaration]
    memset((void*)&iir_user_cfg, 0x00, sizeof(iir_user_cfg));
    ^
../../../APP/source/iir_app.c(10): note: include the header <string.h> or explicitly provide a declaration for 'memset'
1 warning generated.
compiling iir_app.c...
../../../APP/source/dac_app.c(13): warning: implicitly declaring library function 'memset' with type 'void *(void *, int, unsigned int)' [-Wimplicit-function-declaration]
    memset((void *)&user_dac_init, 0x00, sizeof(user_dac_init));
    ^
../../../APP/source/dac_app.c(13): note: include the header <string.h> or explicitly provide a declaration for 'memset'
1 warning generated.
compiling dac_app.c...
compiling harmonic_analyze.c...
../../../APP/source/hrpwm_app.c(44): warning: implicitly declaring library function 'memset' with type 'void *(void *, int, unsigned int)' [-Wimplicit-function-declaration]
  memset((void*)&user_hrpwm_tmr_base_cfg,      0x00, sizeof(user_hrpwm_tmr_base_cfg));
  ^
../../../APP/source/hrpwm_app.c(44): note: include the header <string.h> or explicitly provide a declaration for 'memset'
1 warning generated.
compiling hrpwm_app.c...
compiling main.c...
compiling gpio_app.c...
compiling spll_1ph_notch_app.c...
../../../APP/source/init_app.c(21): warning: implicit declaration of function 'relay_ctrl_disable_idel' is invalid in C99 [-Wimplicit-function-declaration]
                relay_ctrl_disable_idel();
                ^
1 warning generated.
compiling init_app.c...
../../../APP/source/cordic_app.c(146): warning: array index 1 is past the end of the array (which contains 1 element) [-Warray-bounds]
                cordic_output[1] = CORDIC->ARX0;
                ^             ~
../../../APP/source/cordic_app.c(98): note: array 'cordic_output' declared here
int32_t out_buf[1],cordic_output[1];
^
1 warning generated.
compiling cordic_app.c...
compiling func.c...
compiling tae32g58xx_ll_gpio.c...
compiling variables_define_app.c...
compiling tae32g58xx_ll_sysctrl.c...
compiling protection_app.c...
compiling variables_init_app.c...
compiling tae32g58xx_ll.c...
compiling pid.c...
compiling tae32g58xx_ll_cortex.c...
compiling tae32g58xx_ll_dma.c...
compiling pri_sec_commun_app.c...
compiling tae32g58xx_ll_rcu.c...
../../../APP/source/tmr_app.c(11): warning: implicitly declaring library function 'memset' with type 'void *(void *, int, unsigned int)' [-Wimplicit-function-declaration]
  memset((void*)&tmr_base_init, 0x00, sizeof(tmr_base_init));
  ^
../../../APP/source/tmr_app.c(11): note: include the header <string.h> or explicitly provide a declaration for 'memset'
1 warning generated.
compiling tmr_app.c...
compiling tae32g58xx_ll_eflash.c...
../../../APP/source/pfc_app.c(415): warning: implicit declaration of function 'relay_ctrl_enable_high' is invalid in C99 [-Wimplicit-function-declaration]
                        relay_ctrl_enable_high();
                        ^
1 warning generated.
compiling pfc_app.c...
compiling tae32g58xx_ll_uart.c...
compiling tae32g58xx_ll_tmr.c...
compiling tae32g58xx_ll_iir.c...
compiling tae32g58xx_ll_qei.c...
compiling tae32g58xx_ll_cmp.c...
compiling tae32g58xx_ll_cordic.c...
compiling tae32g58xx_ll_xif.c...
compiling tae32g58xx_ll_iwdg.c...
compiling tae32g58xx_ll_wwdg.c...
compiling tae32g58xx_ll_spi.c...
compiling tae32g58xx_ll_dac.c...
compiling tae32g58xx_ll_usb.c...
compiling tae32g58xx_ll_can.c...
compiling tae32g58xx_ll_i2c.c...
compiling tae32g58xx_ll_pdm.c...
compiling tae32g58xx_ll_adc.c...
compiling tae32g58xx_ll_hrpwm.c...
compiling startup_tae32g58xx.c...
compiling system_tae32g58xx.c...
compiling user_debug.c...
linking...
Program Size: Code=22820 RO-data=1860 RW-data=72 ZI-data=5008  
FromELF: creating hex file...
After Build - User command #1: fromelf --bin .\FLASH\Objects\227B_pfc_A03_v_1_1_10_20260610_release.axf --output D:\work\lsl\9.upper\1.code\30.CAN_IAP_tools-main\2.227B_pfc_A03_v_1_1_10_20260610_release\ProjectTemplate\Project\MDK\FLASH\Objects\227B_pfc_A03_v_1_1_10_20260610_release.bin
".\FLASH\Objects\227B_pfc_A03_v_1_1_10_20260610_release.axf" - 0 Error(s), 10 Warning(s).
Build Time Elapsed:  00:00:58
