*** Using Compiler 'V6.14.1', folder: 'C:\Keil_v5\ARM\ARMCLANG\Bin'
Rebuild target 'Target 1'
compiling uart.c...
compiling gpio.c...
compiling timer.c...
compiling sys_mgr.c...
compiling delay.c...
compiling modbuss.c...
compiling main.c...
compiling tae32g58xx_ll_msp.c...
compiling led.c...
compiling tae32g58xx_it.c...
compiling iwdg.c...
compiling modbus_iap.c...
compiling cans.c...
compiling vars.c...
compiling cans_modbus.c...
compiling iap.c...
compiling ring_buff.c...
compiling crc32.c...
compiling crc16.c...
compiling tae32g58xx_ll_iir.c...
compiling tae32g58xx_ll.c...
compiling tae32g58xx_ll_can.c...
compiling tae32g58xx_ll_adc.c...
compiling tae32g58xx_ll_dma.c...
compiling tae32g58xx_ll_cordic.c...
compiling tae32g58xx_ll_cortex.c...
compiling tae32g58xx_ll_cmp.c...
compiling tae32g58xx_ll_dac.c...
compiling tae32g58xx_ll_i2c.c...
compiling tae32g58xx_ll_eflash.c...
compiling tae32g58xx_ll_hrpwm.c...
compiling tae32g58xx_ll_gpio.c...
compiling tae32g58xx_ll_iwdg.c...
compiling tae32g58xx_ll_pdm.c...
compiling tae32g58xx_ll_qei.c...
compiling tae32g58xx_ll_rcu.c...
compiling tae32g58xx_ll_sysctrl.c...
compiling tae32g58xx_ll_usb.c...
compiling tae32g58xx_ll_spi.c...
compiling startup_tae32g58xx.c...
compiling tae32g58xx_ll_tmr.c...
compiling user_debug.c...
compiling system_tae32g58xx.c...
compiling tae32g58xx_ll_wwdg.c...
compiling tae32g58xx_ll_xif.c...
compiling tae32g58xx_ll_uart.c...
linking...
