*** Using Compiler 'V6.14.1', folder: 'C:\Keil_v5\ARM\ARMCLANG\Bin'
Build target 'FLASH'
../../User/Src/tae32g58xx_ll_msp.c(280): warning: implicitly declaring library function 'memset' with type 'void *(void *, int, unsigned int)' [-Wimplicit-function-declaration]
    memset((void*)&ADC_GPIO_Init, 0x00, sizeof(ADC_GPIO_Init));
    ^
../../User/Src/tae32g58xx_ll_msp.c(280): note: include the header <string.h> or explicitly provide a declaration for 'memset'
1 warning generated.
compiling tae32g58xx_ll_msp.c...
../../../APP/source/hrpwm_app.c(48): warning: implicitly declaring library function 'memset' with type 'void *(void *, int, unsigned int)' [-Wimplicit-function-declaration]
  memset((void*)&user_hrpwm_tmr_base_cfg,      0x00, sizeof(user_hrpwm_tmr_base_cfg));
  ^
../../../APP/source/hrpwm_app.c(48): note: include the header <string.h> or explicitly provide a declaration for 'memset'
1 warning generated.
compiling hrpwm_app.c...
compiling protection_app.c...
../../User/Src/main.c(82): warning: implicit declaration of function 'llc_low_temp_adj' is invalid in C99 [-Wimplicit-function-declaration]
                                llc_low_temp_adj();                     
                                ^
1 warning generated.
compiling main.c...
compiling gpio_app.c...
compiling pr_control_app.c...
compiling vofa_app.c...
../../../APP/source/can_app.c(117): warning: implicit declaration of function 'crc8' is invalid in C99 [-Wimplicit-function-declaration]
  uint8_t calculated_crc = crc8(crc_data, sizeof(crc_data));
                           ^
../../../APP/source/can_app.c(162): warning: implicit declaration of function 'crc8' is invalid in C99 [-Wimplicit-function-declaration]
  uint8_t crc = crc8(crc_data, sizeof(crc_data));
                ^
../../../APP/source/can_app.c(252): warning: implicit declaration of function 'crc8' is invalid in C99 [-Wimplicit-function-declaration]
  uint8_t calculated_crc = crc8(crc_data, sizeof(crc_data));
                           ^
../../../APP/source/can_app.c(308): warning: implicit declaration of function 'crc8' is invalid in C99 [-Wimplicit-function-declaration]
  uint8_t calculated_crc = crc8(crc_data, sizeof(crc_data));
                           ^
../../../APP/source/can_app.c(361): warning: implicit declaration of function 'crc8' is invalid in C99 [-Wimplicit-function-declaration]
  uint8_t crc = crc8(crc_data, sizeof(crc_data));
                ^
../../../APP/source/can_app.c(502): warning: implicit declaration of function 'crc8' is invalid in C99 [-Wimplicit-function-declaration]
                                                llc.crc_data = crc8(crc_data, sizeof(crc_data));
                                                               ^
../../../APP/source/can_app.c(631): warning: implicitly declaring library function 'memset' with type 'void *(void *, int, unsigned int)' [-Wimplicit-function-declaration]
  memset((void*)&can_user_cfg, 0x00, sizeof(can_user_cfg));
  ^
../../../APP/source/can_app.c(631): note: include the header <string.h> or explicitly provide a declaration for 'memset'
../../../APP/source/can_app.c(684): warning: incompatible pointer types passing 'uint8_t [64]' to parameter of type 'uint32_t *' (aka 'unsigned int *') [-Wincompatible-pointer-types]
  LL_CAN_Receive_IT(user_can_ctrl.Instance, &user_can_ctrl.rxbuf_fmt[0], user_can_ctrl.rx_buf[0]);
                                                                         ^~~~~~~~~~~~~~~~~~~~~~~
../../../Drivers/TAE32G58xx_Driver/Inc\tae32g58xx_ll_can.h(3573): note: passing argument to parameter 'buf' here
LL_StatusETypeDef LL_CAN_Receive_IT(CAN_TypeDef *Instance, CAN_RxBufFormatTypeDef *buf_fmt, uint32_t *buf);
                                                                                                      ^
../../../APP/source/can_app.c(716): warning: implicitly declaring library function 'memcpy' with type 'void *(void *, const void *, unsigned int)' [-Wimplicit-function-declaration]
  memcpy(data_with_crc, data_buf, data_size);
  ^
../../../APP/source/can_app.c(716): note: include the header <string.h> or explicitly provide a declaration for 'memcpy'
../../../APP/source/can_app.c(718): warning: implicit declaration of function 'crc8' is invalid in C99 [-Wimplicit-function-declaration]
  uint8_t crc = crc8((uint8_t*)data_buf, data_size);
                ^
../../../APP/source/can_app.c(768): warning: implicit declaration of function 'crc8' is invalid in C99 [-Wimplicit-function-declaration]
  uint8_t crc = crc8(data_bytes, sizeof(data_bytes));
                ^
../../../APP/source/can_app.c(864): warning: incompatible pointer types passing 'uint8_t [64]' to parameter of type 'uint32_t *' (aka 'unsigned int *') [-Wincompatible-pointer-types]
                         user_can_ctrl.rx_buf[user_can_ctrl.rx_cnt]);
                         ^~~~~~~~~~~~~~~~~~~~~~~~~~~~~~~~~~~~~~~~~~
../../../Drivers/TAE32G58xx_Driver/Inc\tae32g58xx_ll_can.h(3573): note: passing argument to parameter 'buf' here
LL_StatusETypeDef LL_CAN_Receive_IT(CAN_TypeDef *Instance, CAN_RxBufFormatTypeDef *buf_fmt, uint32_t *buf);
                                                                                                      ^
12 warnings generated.
compiling can_app.c...
compiling init_app.c...
../../../APP/source/dac_app.c(13): warning: implicitly declaring library function 'memset' with type 'void *(void *, int, unsigned int)' [-Wimplicit-function-declaration]
    memset((void *)&user_dac_init, 0x00, sizeof(user_dac_init));
    ^
../../../APP/source/dac_app.c(13): note: include the header <string.h> or explicitly provide a declaration for 'memset'
1 warning generated.
compiling dac_app.c...
compiling pid_app.c...
compiling func_app.c...
compiling communication_app.c...
compiling tae32g58xx_it.c...
../../../APP/source/adc_app.c(13): warning: implicitly declaring library function 'memset' with type 'void *(void *, int, unsigned int)' [-Wimplicit-function-declaration]
  memset((void*)&user_adc_init,        0x00, sizeof(user_adc_init));
  ^
../../../APP/source/adc_app.c(13): note: include the header <string.h> or explicitly provide a declaration for 'memset'
../../../APP/source/adc_app.c(408): warning: implicitly declaring library function 'fmaxf' with type 'float (float, float)' [-Wimplicit-function-declaration]
    float Tc = fmaxf(T_MIN, fminf(T, T_MAX));
               ^
../../../APP/source/adc_app.c(408): note: include the header <math.h> or explicitly provide a declaration for 'fmaxf'
../../../APP/source/adc_app.c(408): warning: implicitly declaring library function 'fminf' with type 'float (float, float)' [-Wimplicit-function-declaration]
    float Tc = fmaxf(T_MIN, fminf(T, T_MAX));
                            ^
../../../APP/source/adc_app.c(408): note: include the header <math.h> or explicitly provide a declaration for 'fminf'
3 warnings generated.
compiling adc_app.c...
compiling variables_init_app.c...
compiling save_data.c...
../../../APP/source/tmr_app.c(24): warning: implicitly declaring library function 'memset' with type 'void *(void *, int, unsigned int)' [-Wimplicit-function-declaration]
  memset((void*)&tmr_base_init, 0x00, sizeof(tmr_base_init));
  ^
../../../APP/source/tmr_app.c(24): note: include the header <string.h> or explicitly provide a declaration for 'memset'
1 warning generated.
compiling tmr_app.c...
compiling llc_app.c...
compiling variables_define_app.c...
linking...
Program Size: Code=31396 RO-data=2448 RW-data=136 ZI-data=3216  
FromELF: creating hex file...
After Build - User command #1: .\FLASH\AfterBuildHandler.bat C:\Keil_v5\ARM\ARMCLANG\include D:\work\lsl\9.upper\1.code\30.CAN_IAP_tools-main\IAP_tools-main\5.原副边程序\D版本_TAE32G5800D\259B_A4\LLC_1.259B_LLC_A4_V_1_2_0\ProjectTemplate\Project\MDK\FLASH\Objects\259B_LLC_V_1_2_0_20260711_iap_release.axf
Debug: Parameters received:
  tool_chain_inc=C:\Keil_v5\ARM\ARMCLANG\include
  axf_full_path=D:\work\lsl\9.upper\1.code\30.CAN_IAP_tools-main\IAP_tools-main\5.原副边程序\D版本_TAE32G5800D\259B_A4\LLC_1.259B_LLC_A4_V_1_2_0\ProjectTemplate\Project\MDK\FLASH\Objects\259B_LLC_V_1_2_0_20260711_iap_release.axf
  axf_name=259B_LLC_V_1_2_0_20260711_iap_release
  project_name=259B-LLC
Step 1: Generating bin file...
Step 2: Copying files...
已复制         1 个文件。
已复制         1 个文件。
已复制         1 个文件。
Step 3: Patching files...
Hex file detected!BaseAddress=0x8008000


Operation successed!

Step 3.5: Ensuring BootLoader files exist...
BootLoader files are ready
Step 4: Copying to IAP directories...
Debug: copyToIapDirectories called with target_name=259B_LLC_V_1_2_0_20260711_iap_release
Copying .\Execute\259B_LLC_V_1_2_0_20260711_iap_release.bin and .\Execute\259B_LLC_V_1_2_0_20260711_iap_release.hex to .\IAP\IapFileCreator\259B-LLC
已复制         1 个文件。
已复制         1 个文件。
Updating JSON configuration: .\IAP\IapFileCreator\259B-LLC\259B-LLC-BIN.json
  appFile: 259B-LLC/259B_LLC_V_1_2_0_20260711_iap_release.bin
  outFile: 259B-LLC/259B_LLC_V_1_2_0_20260711_jlink_release.bin
移动了         1 个文件。
JSON configuration updated successfully.
Updating HEX JSON configuration: .\IAP\IapFileCreator\259B-LLC\259B-LLC-HEX.json
  appFile: 259B-LLC/259B_LLC_V_1_2_0_20260711_iap_release.hex
  outFile: 259B-LLC/259B_LLC_V_1_2_0_20260711_jlink_release.hex
移动了         1 个文件。
HEX JSON configuration updated successfully.
Copying .\Execute\259B_LLC_V_1_2_0_20260711_iap_release.bin and .\Execute\259B_LLC_V_1_2_0_20260711_iap_release.hex to .\IAP\IapTool\259B-LLC
已复制         1 个文件。
已复制         1 个文件。
Updating IapTool JSON configuration: .\IAP\IapTool\259B-LLC\259B-LLC-BIN.json
  appFile: 259B-LLC/259B_LLC_V_1_2_0_20260711_iap_release.bin
移动了         1 个文件。
IapTool JSON configuration updated successfully.
Updating IapTool HEX JSON configuration: .\IAP\IapTool\259B-LLC\259B-LLC-HEX.json
  appFile: 259B-LLC/259B_LLC_V_1_2_0_20260711_iap_release.hex
移动了         1 个文件。
IapTool HEX JSON configuration updated successfully.
Successfully copied bin and hex files to IAP directories.
Step 5: Merging files...
Debug: mergeIapFiles called with app_name=259B_LLC_V_1_2_0_20260711_iap_release
Merging bootloader, app, and hex files...
  bootloader_bin_file=.\IAP\IapFileCreator\259B-LLC\BootLoader-5800.bin
  bootloader_hex_file=.\IAP\IapFileCreator\259B-LLC\BootLoader-5800.hex
  app_bin_file=.\IAP\IapFileCreator\259B-LLC\259B_LLC_V_1_2_0_20260711_iap_release.bin
  app_hex_file=.\IAP\IapFileCreator\259B-LLC\259B_LLC_V_1_2_0_20260711_iap_release.hex
  json_bin_file=.\IAP\IapFileCreator\259B-LLC\259B-LLC-BIN.json
  json_hex_file=.\IAP\IapFileCreator\259B-LLC\259B-LLC-HEX.json

========== Processing BIN files ==========
Calling PowerShell script to merge BIN files...
Starting IAP file merge process...
Configuration loaded:
  bootMaxSize: 32768
  argBaseAddr: 28672
  appBaseAddr: 32768
  outputFile: .\IAP\IapFileCreator\259B-LLC\259B_LLC_V_1_2_0_20260711_jlink_release.bin
  mode: BIN
Processing BIN files...
Reading bootloader file...
Bootloader size: 22808 bytes
Reading app file...
App size: 33988 bytes
Calculating CRC32 using C# compatible algorithm...
App CRC32: 0xE87893C8
Creating merged file...
Successfully created merged file: .\IAP\IapFileCreator\259B-LLC\259B_LLC_V_1_2_0_20260711_jlink_release.bin
Final file size: 66756 bytes
Boot size: 22808 bytes
App size: 33988 bytes
App CRC32: 0xE87893C8
Successfully merged BIN files.

========== Processing HEX files ==========
Calling PowerShell script to merge HEX files...
Starting IAP file merge process...
Configuration loaded:
  bootMaxSize: 32768
  argBaseAddr: 28672
  appBaseAddr: 32768
  outputFile: .\IAP\IapFileCreator\259B-LLC\259B_LLC_V_1_2_0_20260711_jlink_release.hex
  mode: HEX
  flashBaseAddr: 0x08000000
Processing HEX files...
Reading bootloader hex file...
Bootloader size: 22808 bytes (padded to 32768 bytes)
Reading app hex file...
App address range: 0x08008000 - 0x080104C3
App size: 33988 bytes
Calculating CRC32 using C# compatible algorithm...
App CRC32: 0xE87893C8
Creating merged file...
Successfully created merged file: .\IAP\IapFileCreator\259B-LLC\259B_LLC_V_1_2_0_20260711_jlink_release.hex
Final file size: 66756 bytes
Boot size: 22808 bytes
App size: 33988 bytes
App CRC32: 0xE87893C8
Successfully merged HEX files.

========== Merge operations completed ==========
Successfully processed both BIN and HEX files (where available).
Step 6: Copying jlink files back to Execute...
Debug: copyJlinkFilesToExecute called with app_name=259B_LLC_V_1_2_0_20260711_iap_release
Copying generated jlink files to Execute directory...
  jlink_name=259B_LLC_V_1_2_0_20260711_jlink_release
  Source directory: .\IAP\IapFileCreator\259B-LLC
  Destination directory: .\Execute
已复制         1 个文件。
Successfully copied jlink BIN file.
已复制         1 个文件。
Successfully copied jlink HEX file.
Successfully copied available jlink files back to Execute directory.
All steps completed successfully!
".\FLASH\Objects\259B_LLC_V_1_2_0_20260711_iap_release.axf" - 0 Error(s), 20 Warning(s).
Build Time Elapsed:  00:00:36
